/Users/ravindra/Documents/workspace-spring-tool-suite-4-4.5.0.RELEASE/spring-boot-aws-dynamoDB-master/springboot-aws-dynamodb/src/main/java/com/springboot/repository/DynamoDbRepository.java
/Users/ravindra/Documents/workspace-spring-tool-suite-4-4.5.0.RELEASE/spring-boot-aws-dynamoDB-master/springboot-aws-dynamodb/src/main/java/com/springboot/config/DynamoDbConfig.java
/Users/ravindra/Documents/workspace-spring-tool-suite-4-4.5.0.RELEASE/spring-boot-aws-dynamoDB-master/springboot-aws-dynamodb/src/main/java/com/springboot/model/Student.java
/Users/ravindra/Documents/workspace-spring-tool-suite-4-4.5.0.RELEASE/spring-boot-aws-dynamoDB-master/springboot-aws-dynamodb/src/main/java/com/springboot/DynamoDbApplication.java
/Users/ravindra/Documents/workspace-spring-tool-suite-4-4.5.0.RELEASE/spring-boot-aws-dynamoDB-master/springboot-aws-dynamodb/src/main/java/com/springboot/controller/DynamoDbController.java
/Users/ravindra/Documents/workspace-spring-tool-suite-4-4.5.0.RELEASE/spring-boot-aws-dynamoDB-master/springboot-aws-dynamodb/src/main/java/com/springboot/model/Address.java
